F:\JetBrains\RAG\EduMate\edumate-core\src\main\java\com\edumate\core\agent\IntentClassifierService.java
F:\JetBrains\RAG\EduMate\edumate-core\src\main\java\com\edumate\core\agent\QueryRewriteService.java
F:\JetBrains\RAG\EduMate\edumate-core\src\main\java\com\edumate\core\agent\QuizAgentService.java
F:\JetBrains\RAG\EduMate\edumate-core\src\main\java\com\edumate\core\agent\RefusalGuardService.java
F:\JetBrains\RAG\EduMate\edumate-core\src\main\java\com\edumate\core\chat\ChatSessionService.java
F:\JetBrains\RAG\EduMate\edumate-core\src\main\java\com\edumate\core\chat\StreamingChatService.java
F:\JetBrains\RAG\EduMate\edumate-core\src\main\java\com\edumate\core\graph\GraphSearchService.java
F:\JetBrains\RAG\EduMate\edumate-core\src\main\java\com\edumate\core\graph\KnowledgeGraphService.java
F:\JetBrains\RAG\EduMate\edumate-core\src\main\java\com\edumate\core\parser\DocumentParserService.java
F:\JetBrains\RAG\EduMate\edumate-core\src\main\java\com\edumate\core\parser\HierarchicalChunkerService.java
F:\JetBrains\RAG\EduMate\edumate-core\src\main\java\com\edumate\core\retrieval\HybridSearchService.java
F:\JetBrains\RAG\EduMate\edumate-core\src\main\java\com\edumate\core\retrieval\KeywordIndexService.java
F:\JetBrains\RAG\EduMate\edumate-core\src\main\java\com\edumate\core\retrieval\RRFusionService.java
F:\JetBrains\RAG\EduMate\edumate-core\src\main\java\com\edumate\core\retrieval\VectorStoreService.java
